~/workspace$ list
bash: list: command not found

~/workspace$ ls
generated-icon.png  pyproject.toml
main.py             uv.lock

~/workspace$ git status
On branch main
Your branch is up to date with 'origin/main'.

Changes not staged for commit:
  (use "git add <file>..." to update what will be committed)
  (use "git restore <file>..." to discard changes in working directory)
    modified:   main.py

no changes added to commit (use "git add" and/or "git commit -a")

~/workspace$ git add main.py 
~/workspace$ git status
On branch main
Your branch is up to date with 'origin/main'.

Changes to be committed:
  (use "git restore --staged <file>..." to unstage)
    modified:   main.py

Untracked files:
  (use "git add <file>..." to include in what will be committed)
    git_CLI.txt

~/workspace$ git commit -m "add add_two function"
[main f3e8bef] add add_two function
 1 file changed, 6 insertions(+)
 
~/workspace$ git status
On branch main
Your branch is ahead of 'origin/main' by 1 commit.
  (use "git push" to publish your local commits)

Untracked files:
  (use "git add <file>..." to include in what will be committed)
    git_CLI.txt

nothing added to commit but untracked files present (use "git add" to track)

~/workspace$ 
~/workspace$ git push
Enumerating objects: 5, done.
Counting objects: 100% (5/5), done.
Delta compression using up to 8 threads
Compressing objects: 100% (3/3), done.
Writing objects: 100% (3/3), 388 bytes | 388.00 KiB/s, done.
Total 3 (delta 1), reused 0 (delta 0), pack-reused 0 (from 0)
remote: Resolving deltas: 100% (1/1), completed with 1 local object.
To https://github.com/Teerathep-Ng/potential-couscous.git
   e14f44a..f3e8bef  main -> main
   
~/workspace$ git status
On branch main
Your branch is up to date with 'origin/main'.

Untracked files:
  (use "git add <file>..." to include in what will be committed)
    git_CLI.txt

nothing added to commit but untracked files present (use "git add" to track)

~/workspace$ ^C
~/workspace$ 